src/app/components/generate-canvas-tracks/generate-canvas-tracks.component.ts(134,9): error TS2322: Type 'string[] | number[]' is not assignable to type 'string | number | number[] | DataSeries<any> | NumericalDataSeries'.
  Type 'string[]' is not assignable to type 'string | number | number[] | DataSeries<any> | NumericalDataSeries'.
    Type 'string[]' is not assignable to type 'number[]'.
      Type 'string' is not assignable to type 'number'.
src/app/components/print-properties-dialog/print-properties-dialog.component.ts(211,5): error TS1206: Decorators are not valid here.
